../Core/Src/main.c:80:5:main	16	static
../Core/Src/main.c:140:6:SystemClock_Config	128	static
../Core/Src/main.c:191:13:MX_ADC1_Init	48	static
../Core/Src/main.c:266:13:MX_I2C1_Init	8	static
../Core/Src/main.c:314:13:MX_TIM1_Init	40	static
../Core/Src/main.c:359:13:MX_DMA_Init	16	static
../Core/Src/main.c:377:13:MX_GPIO_Init	48	static
../Core/Src/main.c:433:6:HAL_ADC_ConvCpltCallback	16	static
../Core/Src/main.c:441:6:HAL_GPIO_EXTI_Callback	16	static,ignoring_inline_asm
../Core/Src/main.c:452:6:HAL_TIM_PeriodElapsedCallback	16	static
../Core/Src/main.c:473:6:Error_Handler	4	static,ignoring_inline_asm
